// Jest Snapshot v1, https://goo.gl/fbAQLP

exports[`generic/page/Locations pages/EventForm should match snapshot 1`] = `
<App
  content={
    Object {
      "actions": Array [
        <Button
          block={false}
          ghost={false}
          htmlType="button"
          loading={false}
          onClick={[Function]}
          type="primary"
        >
          Создать
        </Button>,
      ],
      "title": "",
      "useHeader": true,
      "useLayout": true,
    }
  }
>
  <Table
    bordered={false}
    childrenColumnName="children"
    className=""
    columns={
      Array [
        Object {
          "dataIndex": "title",
          "title": "Название",
        },
        Object {
          "render": [Function],
        },
        Object {
          "render": [Function],
        },
      ]
    }
    dataSource={
      Array [
        Object {
          "createdAt": "2019-08-09T21:36:10.967Z",
          "description": "Lorem ipsum dolor sit amet, consectetur adipiscing elit, sed do eiusmod tempor incididunt ut labore et dolore magna aliqua. Ut enim ad minim veniam, quis nostrud exercitation ullamco laboris nisi ut aliquip ex ea commodo consequat. Duis aute irure dolor in reprehenderit in voluptate velit esse cillum dolore eu fugiat nulla pariatur. Excepteur sint occaecat cupidatat non proident, sunt in culpa qui officia deserunt mollit anim id est laborum.",
          "image": "https://ciclismurban.s3.eu-central-1.amazonaws.com/files/cb858bf0-629e-49b5-86e4-17a0f4276456.jpg",
          "point": Object {
            "lat": 47.025838128285315,
            "lng": 28.834142687866233,
          },
          "startedAt": "2019-08-09T21:32:23.635Z",
          "title": "new",
          "updatedAt": "2019-10-23T14:21:06.708Z",
          "uuid": "5d4db52b-4420-4e24-b41f-b02ccd8a6444",
        },
        Object {
          "createdAt": "2019-08-13T11:53:51.740Z",
          "description": "Lorem ipsum dolor sit amet, consectetur adipiscing elit, sed do eiusmod tempor incididunt ut labore et dolore magna aliqua. Ut enim ad minim veniam, quis nostrud exercitation ullamco laboris nisi ut aliquip ex ea commodo consequat. Duis aute irure dolor in reprehenderit in voluptate velit esse cillum dolore eu fugiat nulla pariatur. Excepteur sint occaecat cupidatat non proident, sunt in culpa qui officia deserunt mollit anim id est laborum.",
          "image": "https://ciclismurban.s3.eu-central-1.amazonaws.com/files/cefe4cc3-e4d0-4246-b276-8416bbc2fec7.png",
          "point": Object {
            "lat": 47.035140101590976,
            "lng": 28.84796142871096,
          },
          "startedAt": "2019-08-13T11:53:17.860Z",
          "title": "the most new events",
          "updatedAt": "2019-08-13T11:53:51.740Z",
          "uuid": "606601b8-d34c-481d-91a0-78c96798e8ef",
        },
        Object {
          "createdAt": "2019-10-23T14:22:05.604Z",
          "description": "medved",
          "image": "https://ciclismurban.s3.eu-central-1.amazonaws.com/files/62408fd2-e36d-45bf-8218-18ca2ce6f359.jpg",
          "point": Object {
            "lat": 47.019518882203556,
            "lng": 28.80779266650393,
          },
          "startedAt": "2019-10-23T14:21:15.016Z",
          "title": "privet",
          "updatedAt": "2019-10-23T14:22:05.604Z",
          "uuid": "e1f2b34e-ca13-4140-afb4-c4c2b1f6462b",
        },
        Object {
          "createdAt": "2019-10-23T14:22:47.357Z",
          "description": "event event event",
          "image": "https://ciclismurban.s3.eu-central-1.amazonaws.com/files/90ce434a-423e-47cf-8cbb-31169e7a7799.jpg",
          "point": Object {
            "lat": 47.02864644200455,
            "lng": 28.838520052978538,
          },
          "startedAt": "2019-10-23T14:22:23.267Z",
          "title": "event",
          "updatedAt": "2019-10-23T14:22:47.357Z",
          "uuid": "c30ea5e5-2915-41d6-b57c-8a8350492315",
        },
      ]
    }
    indentSize={20}
    loading={false}
    locale={Object {}}
    rowKey={[Function]}
    showHeader={true}
    size="default"
    sortDirections={
      Array [
        "ascend",
        "descend",
      ]
    }
    useFixedHeader={false}
  />
</App>
`;
